<!DOCTYPE html>
<html>
<head>
    <meta charset="utf-8" />
</head>
<body>
<h1 id="toctree">Toctree<a class="headerlink" href="#toctree" title="Permalink to this headline">Â¶</a></h1>
<div class="toctree-wrapper compound">
    <ul>
        <li><a class="reference internal" href="file.html">Title</a>
            <ul>
                <li><a class="reference internal" href="file.html#sub-title">Sub title</a></li>
            </ul>
        </li>
    </ul>
</div>
<div class="toctree-wrapper compound">
    <ul>
        <li><a class="reference internal" href="file.html">Title</a></li>
    </ul>
</div>
<div class="toctree-wrapper compound">
    <ul>
        <li><a class="reference internal" href="directory/another_file.html">Another file</a></li>
    </ul>
</div>
<div class="toctree-wrapper compound">
    <ul>
        <li><a class="reference internal" href="index.html">Toctree</a></li>
        <li><a class="reference internal" href="directory/another_file.html">Another file</a></li>
        <li><a class="reference internal" href="file.html">Title</a>
            <ul>
                <li><a class="reference internal" href="file.html#sub-title">Sub title</a></li>
            </ul>
        </li>
    </ul>
</div>
<div class="toctree-wrapper compound">
    <ul>
        <li><a class="reference internal" href="file.html">Title</a>
            <ul>
                <li><a class="reference internal" href="file.html#sub-title">Sub title</a></li>
            </ul>
        </li>
        <li><a class="reference internal" href="index.html">Toctree</a></li>
        <li><a class="reference internal" href="directory/another_file.html">Another file</a></li>
    </ul>
</div>
</body>
</html>
