<!DOCTYPE html>
<html>
<head>
    <meta charset="utf-8" />
</head>
<body>
<p><a class="reference external" href="https://api.symfony.com/4.1/Symfony/Component/HttpKernel/DependencyInjection/ContainerAwareHttpKernel.html" title="Symfony\Component\HttpKernel\DependencyInjection\ContainerAwareHttpKernel">Symfony\Component\HttpKernel\DependencyInjection\ContainerAwareHttpKernel</a></p>
</body>
</html>
