<!DOCTYPE html>
<html>
<head>
    <meta charset="utf-8" />
</head>
<body>
<div class="configuration-block"><ul class="simple"><li><em>YAML</em><div class="literal-block notranslate">
    <div class="highlight-yaml">
        <table class="highlighttable">
            <tr>
                <td class="linenos">
                    <div class="linenodiv">
                        <pre> 1</pre>
                    </div>
                </td>
                <td class="code">
                    <div class="highlight">
                        <pre># app/config/services.yml</pre>
                    </div>
                </td>
            </tr>
        </table>
    </div>
</div></li><li><em>PHP</em><div class="literal-block notranslate">
                <div class="highlight-php">
                    <table class="highlighttable">
                        <tr>
                            <td class="linenos">
                                <div class="linenodiv">
                                    <pre> 1</pre>
                                </div>
                            </td>
                            <td class="code">
                                <div class="highlight">
                                    <pre>// config/routes.php</pre>
                                </div>
                            </td>
                        </tr>
                    </table>
                </div>
            </div>
        </li>
    </ul>
</div>
</body>
</html>
