<!DOCTYPE html>
<html>
<head>
    <meta charset="utf-8" />
</head>
<body>
<ul class="simple">
    <li>List item 1</li>
    <li>List item 2</li>
    <li>List item 3</li>
    <li>List item 4</li>
</ul>
</body>
</html>
