<!DOCTYPE html>
<html>
<head>
    <meta charset="utf-8" />
</head>
<body>
<p><a href="https://api.symfony.com/4.1/Symfony/Component/HttpFoundation/RequestStack.html#method_getCurrentRequest" class="reference external" title="Symfony\Component\HttpFoundation\RequestStack::getCurrentRequest()">getCurrentRequest()</a></p>
</body>
</html>
