<!DOCTYPE html>
<html>
<head>
    <meta charset="utf-8" />
</head>
<body>
<p><a class="reference external" href="https://api.symfony.com/4.1/Symfony/Component/HttpFoundation.html" title="Symfony\Component\HttpFoundation">HttpFoundation</a></p>
</body>
</html>
