<!DOCTYPE html>
<html>
<head>
    <meta charset="utf-8" />
</head>
<body>
<div class="admonition-wrapper">
    <div class="note"></div>
    <div class="admonition admonition-note">
        <p class="admonition-title">Note</p>
        <p>test</p>
        <div class="literal-block notranslate">
            <div class="highlight-php">
                <table class="highlighttable">
                    <tr>
                        <td class="linenos">
                            <div class="linenodiv">
                                <pre> 1</pre>
                            </div>
                        </td>
                        <td class="code">
                            <div class="highlight">
                                <pre>// code</pre>
                            </div>
                        </td>
                    </tr>
                </table>
            </div>
        </div>
    </div>
</div>
</body>
</html>
