<!DOCTYPE html>
<html>
<head>
    <meta charset="utf-8" />
</head>
<body>
<div class="admonition-wrapper">
    <div class="note"></div>
    <div class="admonition admonition-note"><p class="first admonition-title">Note</p>
        <p class="last">Sometimes we add notes. But not too often because they interrupt the flow.</p>
    </div>
</div>
</body>
</html>
