<!DOCTYPE html>
<html>
<head>
    <meta charset="utf-8" />
</head>
<body>
<p><a class="reference external" href="https://secure.php.net/manual/en/function.trigger-error.php" title="ArrayAccess">trigger_error</a></p>
</body>
</html>
