<!DOCTYPE html>
<html>
<head>
    <meta charset="utf-8" />
</head>
<body>
<p><a class="reference external" href="https://secure.php.net/manual/en/locale.getdefault.php" title="Locale">Locale::getDefault()</a></p>
</body>
</html>
