<!DOCTYPE html>
<html>
<head>
    <meta charset="utf-8" />
</head>
<body>
<p><a class="reference external" href="https://secure.php.net/manual/en/class.arrayaccess.php" title="ArrayAccess">ArrayAccess</a></p>
</body>
</html>
