<!DOCTYPE html>
<html>
<head>
    <meta charset="utf-8" />
</head>
<body>
<div class="admonition-wrapper">
    <div class="seealso"></div>
    <div class="admonition admonition-seealso">Also check out the homepage</div>
</div>
</body>
</html>