<!DOCTYPE html>
<html>
<head>
    <meta charset="utf-8" />
</head>
<body>
<div class="admonition-wrapper">
    <div class="sidebar"></div>
    <div class="admonition admonition-sidebar">
        <p class="sidebar-title">The sidebar's title</p>
        <p>some text inside sidebar</p>
    </div>
</div>
</body>
</html>
