<!DOCTYPE html>
<html>
<head>
    <meta charset="utf-8" />
</head>
<body>
<div class="admonition-wrapper">
    <div class="tip"></div>
    <div class="admonition admonition-tip"><p class="first admonition-title">Tip</p>
        <p class="last">This is a little tip about something! We an also talk about specific</p>
    </div>
</div>
</body>
</html>