<!DOCTYPE html>
<html>
<head>
    <meta charset="utf-8" />
</head>
<body>
<div class="versionadded">
    <div>
        <span class="versionmodified">New in version 4.1: </span>
        <p>This option was introduced in Symfony 2.6 and replaces another option, which is available prior to 2.6.</p>
    </div>
</div>
</body>
</html>