<!DOCTYPE html>
<html>
<head>
    <meta charset="utf-8" />
</head>
<body>
<div class="section" id="a-test-for-doc-link">
    <h1>A test for doc link<a class="headerlink" href="#a-test-for-doc-link" title="Permalink to this headline">Â¶</a></h1>
    <p><a href="file.html" class="reference internal"><em>A doc test</em></a></p>
</div>
</body>
</html>
