<!DOCTYPE html>
<html>
<head>
    <meta charset="utf-8" />
</head>
<body>
<p>here is some php code from literal:</p>
<div class="literal-block notranslate">
    <div class="highlight-php">
        <table class="highlighttable">
            <tr>
                <td class="linenos">
                    <div class="linenodiv">
                        <pre> 1
 2
 3
 4
 5
 6
 7</pre>
                    </div>
                </td>
                <td class="code">
                    <div class="highlight">
                        <pre class="hljs php">
                                    <span class="hljs-comment">// config/routes.php</span>
<span class="hljs-keyword">namespace</span> <span class="hljs-title">Symfony</span>\<span class="hljs-title">Component</span>\<span class="hljs-title">Routing</span>\<span class="hljs-title">Loader</span>\<span class="hljs-title">Configurator</span>; <span class="hljs-keyword">return</span>
                                    <span class="hljs-function"><span class="hljs-keyword">function</span> <span class="hljs-params">(RoutingConfigurator $routes)</span> </span>
                                    { $routes-&gt;add(<span class="hljs-string">'about_us'</span>, [<span class="hljs-string">'nl'</span> =&gt; <span class="hljs-string">'/over-ons'</span>, <span class="hljs-string">'en'</span> =&gt; <span class="hljs-string">'/about-us'</span>]) -&gt;controller(<span class="hljs-string">'App\Controller\CompanyController::about'</span>);
};</pre>
                    </div>
                </td>
            </tr>
        </table>
    </div>
</div>
</body>
</html>
