<!DOCTYPE html>
<html>
<head>
    <meta charset="utf-8" />
</head>
<body>
<table class="docutils" border="1">
    <thead valign="bottom">
    <tr class="row-odd">
        <th class="head">Route path</th>
        <th class="head">If the requested URL is /foo</th>
        <th class="head">If the requested URL is /foo/</th>
    </tr>
    </thead>
    <tbody valign="top">
    <tr class="row-even">
        <td>/foo</td>
        <td>It matches (200 status response)</td>
        <td>It doesn't match (404 status response)</td>
    </tr>
    <tr class="row-odd">
        <td>/foo/</td>
        <td>It makes a 301 redirect to /foo/</td>
        <td>It matches (200 status response)</td>
    </tr>
    </tbody>
</table>
<table class="docutils" border="1">
    <tbody valign="top">
    <tr class="row-odd">
        <td>Cell 1</td>
        <td>Cell 2</td>
    </tr>
    <tr class="row-even">
        <td>Cell 3</td>
        <td>Cell 4</td>
    </tr>
    <tr class="row-odd">
        <td>Cell 5</td>
        <td>Cell 6
extra line</td>
    </tr>
    </tbody>
</table>
<table class="docutils" border="1">
    <thead valign="bottom">
    <tr class="row-odd">
        <th class="head">Cell 1</th>
        <th class="head">Cell 2</th>
    </tr>
    </thead>
    <tbody valign="top">
    <tr class="row-even">
        <td>Cell 3</td>
        <td>Cell 4</td>
    </tr>
    <tr class="row-odd">
        <td>Cell 5</td>
        <td>Cell 6
extra line</td>
    </tr>
    </tbody>
</table>
<table class="docutils" border="1">
    <thead valign="bottom">
    <tr class="row-odd">
        <th class="head">Cell 1</th>
        <th class="head">Cell 2</th>
    </tr>
    </thead>
    <tbody valign="top">
    <tr class="row-even">
        <td>Cell 3</td>
        <td>Cell 4</td>
    </tr>
    <tr class="row-odd">
        <td>Cell 5</td>
        <td>
            <ul>
                <li>List item 1</li>
                <li>List item 2</li>
                <li>List item 3</li>
                <li>List item 4</li>
            </ul>
        </td>
    </tr>
    <tr class="row-even">
        <td>Cell 7</td>
        <td>Cell 8</td>
    </tr>
    </tbody>
</table>
</body>
</html>
