<!DOCTYPE html>
<html>
<head>
    <meta charset="utf-8" />
</head>
<body>
    <p><a href="file.html#ref-test">A ref test</a>.</p>
</body>
</html>
