<!DOCTYPE html>
<html>
<head>
    <meta charset="utf-8" />
</head>
<body>
<div class="admonition-wrapper screencast_class">
    <div class="admonition admonition-">
        <p class="admonition-title">Screencast</p>
        <p>Do you prefer video tutorials? Check out the the screencasts.</p>
    </div>
</div>
</body>
</html>
