<!DOCTYPE html>
<html>
<head>
    <meta charset="utf-8" />
</head>
<body>
<div class="admonition-best-practice admonition-wrapper">
    <div class="best-practice"></div>
    <div class="admonition admonition-best-practice">
        <p class="admonition-title">Best Practice</p>
        <p>Use the bcrypt encoder for hashing your users' passwords.</p>
    </div>
</div>
</body>
</html>
