<!DOCTYPE html>
<html>
<head>
    <meta charset="utf-8" />
</head>
<body>
<div class="admonition-caution admonition-wrapper">
    <div class="caution"></div>
    <div class="admonition admonition-caution">
        <p class="admonition-title">Caution</p>
        <p>Using too many sidebars or caution directives can be distracting!</p>
    </div>
</div>
</body>
</html>
