<!DOCTYPE html>
<html>
<head>
    <meta charset="utf-8" />
</head>
<body>
<ul class="a-class">
    <li>list-item-1</li>
    <li>list-item-2</li>
    <li>list-item-3</li>
</ul>

<p class="another-class">some text</p>
</body>
</html>
