<!DOCTYPE html>
<html>
<head>
    <meta charset="utf-8" />
</head>
<body>
<div class="admonition-wrapper">
    <div class="sidebar"></div>
    <div class="admonition admonition-sidebar">
        <p class="sidebar-title">The sidebar's title</p>
        <p>some text before code block</p>
        <div class="literal-block notranslate">
            <div class="highlight-php">
                <table class="highlighttable">
                    <tr>
                        <td class="linenos">
                            <div class="linenodiv">
                                <pre> 1</pre>
                            </div>
                        </td>
                        <td class="code">
                            <div class="highlight">
                                <pre class="hljs php"><span class="hljs-comment">// some code</span></pre>
                            </div>
                        </td>
                    </tr>
                </table>
            </div>
        </div>
        <p>some text after code block</p>
    </div>
</div>
</body>
</html>
