<!DOCTYPE html>
<html>
<head>
    <meta charset="utf-8" />
</head>
<body>
<div class="admonition-tip admonition-wrapper">
    <div class="tip"></div>
    <div class="admonition admonition-tip">
        <p class="admonition-title">Tip</p>
        <p>This is a little tip about something! We an also talk about specific</p>
    </div>
</div>
</body>
</html>