<!DOCTYPE html>
<html>
<head>
    <meta charset="utf-8" />
</head>
<body>
<h1 id="some-test-docs">Some Test Docs!<a class="headerlink" href="#some-test-docs" title="Permalink to this headline">¶</a></h1>
<div class="toctree-wrapper compound">
    <ul>
        <li class="toctree-l1"><a class="reference internal" href="datetime.html">DateTimeType Field</a>
            <ul>
                <li class="toctree-l2"><a class="reference internal" href="datetime.html#field-options">Field Options</a>
                    <ul>
                        <li class="toctree-l3"><a class="reference internal" href="datetime.html#the-date-format-option">The date_format Option</a></li>
                        <li class="toctree-l3"><a class="reference internal" href="datetime.html#date-widget">date_widget</a></li>
                        <li class="toctree-l3"><a class="reference internal" href="datetime.html#placeholder">placeholder</a></li>
                        <li class="toctree-l3"><a class="reference internal" href="datetime.html#format">format</a></li>
                        <li class="toctree-l3"><a class="reference internal" href="datetime.html#time-widget">time_widget</a></li>
                        <li class="toctree-l3"><a class="reference internal" href="datetime.html#widget">widget</a></li>
                    </ul>
                </li>
                <li class="toctree-l2"><a class="reference internal" href="datetime.html#overridden-options">Overridden Options</a>
                    <ul>
                        <li class="toctree-l3"><a class="reference internal" href="datetime.html#by-reference">by_reference</a></li>
                        <li class="toctree-l3"><a class="reference internal" href="datetime.html#error-bubbling">error_bubbling</a></li>
                    </ul>
                </li>
                <li class="toctree-l2"><a class="reference internal" href="datetime.html#field-variables">Field Variables</a></li>
            </ul>
        </li>
        <li class="toctree-l1"><a class="reference internal" href="form/form_type.html">FormType Documentation</a></li>
    </ul>
</div>

<span id="reference-forms-type-date-format"></span>
<h2 id="a-header">A header<a class="headerlink" href="#a-header" title="Permalink to this headline">¶</a></h2>
<p>Some info...</p>

</body>
</html>