<!DOCTYPE html>
<html>
<head>
    <meta charset="utf-8" />
</head>
<body>
<div class="literal-block notranslate">
    <div class="highlight-html+twig">
        <table class="highlighttable">
            <tr>
                <td class="linenos">
                    <div class="linenodiv">
                        <pre> 1 2</pre>
                    </div>
                </td>
                <td class="code">
                    <div class="highlight">
                        <pre class="hljs twig">
                            <span class="xml"></span><span class="hljs-comment">{# some code #}</span>
                            <span class="xml">
<span class="hljs-comment">&lt;!-- some code --&gt;</span></span>
                        </pre>
                    </div>
                </td>
            </tr>
        </table>
    </div>
</div>
</body>
</html>
