<!DOCTYPE html>
<html>
<head>
    <meta charset="utf-8" />
</head>
<body>
<div class="literal-block notranslate">
    <div class="highlight-html+php">
        <table class="highlighttable">
            <tr>
                <td class="linenos">
                    <div class="linenodiv">
                        <pre> 1 2 3 4 5 6 7 8 9
10
11
12</pre>
                    </div>
                </td>
                <td class="code">
                    <div class="highlight">
                        <pre class="hljs html">
                            <span class="hljs-comment">&lt;!-- views/layout.php --&gt;</span>
<span class="hljs-meta">&lt;!doctype html&gt;</span>
<span class="hljs-tag">&lt;<span class="hljs-name">html</span>&gt;</span>
                            <span class="hljs-tag">&lt;<span class="hljs-name">head</span>&gt;</span>
                            <span class="hljs-tag">&lt;<span class="hljs-name">title</span>&gt;</span>
                            <span class="php"><span class="hljs-meta">&lt;?php</span> <span class="hljs-keyword">echo</span> <span class="hljs-string">'title'</span>; <span class="hljs-meta">?&gt;</span></span>
                            <span class="hljs-tag">&lt;/<span class="hljs-name">title</span>&gt;</span>
                            <span class="hljs-tag">&lt;/<span class="hljs-name">head</span>&gt;</span>
                            <span class="hljs-tag">&lt;<span class="hljs-name">body</span>&gt;</span>
                            <span class="php"><span class="hljs-meta">&lt;?php</span> <span class="hljs-keyword">echo</span> <span class="hljs-string">'body'</span>; <span class="hljs-meta">?&gt;</span></span>
                            <span class="hljs-tag">&lt;/<span class="hljs-name">body</span>&gt;</span>
                            <span class="hljs-tag">&lt;/<span class="hljs-name">html</span>&gt;</span>
                        </pre>
                    </div>
                </td>
            </tr>
        </table>
    </div>
</div>
</body>
</html>
