<!DOCTYPE html>
<html>
<head>
    <meta charset="utf-8" />
</head>
<body>
<div class="literal-block notranslate">
    <div class="highlight-terminal">
        <table class="highlighttable">
            <tr>
                <td class="linenos">
                    <div class="linenodiv">
                        <pre> 1</pre>
                    </div>
                </td>
                <td class="code">
                    <div class="highlight">
                        <pre class="hljs bash">git <span class="hljs-built_in">clone</span> git@github.com:symfony/symfony.git</pre>
                    </div>
                </td>
            </tr>
        </table>
    </div>
</div>
</body>
</html>
