<!DOCTYPE html>
<html>
<head>
    <meta charset="utf-8" />
</head>
<body>
<div class="literal-block">
    <div class="highlight-yaml">
        <table class="highlighttable">
            <tr>
                <td class="linenos">
                    <div class="linenodiv">
                        <pre> 1</pre>
                    </div>
                </td>
                <td class="code">
                    <div class="highlight">
                        <pre class="hljs yaml"><span class="hljs-comment"># some code</span></pre>
                    </div>
                </td>
            </tr>
        </table>
    </div>
</div>
</body>
</html>
