<!DOCTYPE html>
<html>
<head>
    <meta charset="utf-8" />
</head>
<body>
<h1 id="formtype-documentation">FormType Documentation<a class="headerlink" href="#formtype-documentation" title="Permalink to this headline">Â¶</a></h1>
<span id="internal-reference"></span>

</body>
</html>
