<!DOCTYPE html>
<html>
<head>
    <meta charset="utf-8" />
</head>
<body>
<div class="section" id="a-test-for-reference">
    <h1>A test for reference<a class="headerlink" href="#a-test-for-reference" title="Permalink to this headline">Â¶</a></h1>
    <p><a href="file.html#ref-test" class="reference internal"><span>A ref test</span></a></p>
</div>
</body>
</html>
